---
source: compiler/mesh-typeck/tests/diagnostics.rs
expression: output
---
[E0013] Error: invalid guard: function calls not allowed in guards
   ╭─[ test.mpl:1:17 ]
   │
 1 │ case x do n when f(n) -> n end
   │                 ──┬─
   │                   ╰─── not allowed in a guard
   │
   │ Help: a guard is made of literals, names, comparisons, boolean operators, parentheses and named function calls
───╯
