---
source: compiler/mesh-typeck/tests/diagnostics.rs
expression: output
---
[E0017] Error: receive used outside actor block
   ╭─[ test.mpl:1:1 ]
   │
 1 │ ╭─▶ receive do
   ┆ ┆
 3 │ ├─▶ end
   │ │
   │ ╰──────── receive is only available inside an actor block
   │
   │     Help: move this receive expression into an actor block
───╯
