---
source: compiler/mesh-parser/tests/parser_tests.rs
expression: source_and_debug(source)
---
SOURCE_FILE@0..95
  MODULE_DEF@0..95
    MODULE_KW@0..6 "module"
    WHITESPACE@6..7 " "
    NAME@7..11
      IDENT@7..11 "Math"
    WHITESPACE@11..12 " "
    DO_KW@12..14 "do"
    BLOCK@14..92
      NEWLINE@14..15 "\n"
      WHITESPACE@15..17 "  "
      FN_DEF@17..52
        VISIBILITY@17..20
          PUB_KW@17..20 "pub"
        WHITESPACE@20..21 " "
        FN_KW@21..23 "fn"
        WHITESPACE@23..24 " "
        NAME@24..27
          IDENT@24..27 "add"
        PARAM_LIST@27..33
          L_PAREN@27..28 "("
          PARAM@28..29
            IDENT@28..29 "x"
          COMMA@29..30 ","
          WHITESPACE@30..31 " "
          PARAM@31..32
            IDENT@31..32 "y"
          R_PAREN@32..33 ")"
        WHITESPACE@33..34 " "
        DO_KW@34..36 "do"
        BLOCK@36..47
          NEWLINE@36..37 "\n"
          WHITESPACE@37..41 "    "
          BINARY_EXPR@41..46
            NAME_REF@41..42
              IDENT@41..42 "x"
            WHITESPACE@42..43 " "
            PLUS@43..44 "+"
            WHITESPACE@44..45 " "
            NAME_REF@45..46
              IDENT@45..46 "y"
          NEWLINE@46..47 "\n"
        WHITESPACE@47..49 "  "
        END_KW@49..52 "end"
      NEWLINE@52..53 "\n"
      NEWLINE@53..54 "\n"
      WHITESPACE@54..56 "  "
      FN_DEF@56..91
        VISIBILITY@56..59
          PUB_KW@56..59 "pub"
        WHITESPACE@59..60 " "
        FN_KW@60..62 "fn"
        WHITESPACE@62..63 " "
        NAME@63..66
          IDENT@63..66 "sub"
        PARAM_LIST@66..72
          L_PAREN@66..67 "("
          PARAM@67..68
            IDENT@67..68 "x"
          COMMA@68..69 ","
          WHITESPACE@69..70 " "
          PARAM@70..71
            IDENT@70..71 "y"
          R_PAREN@71..72 ")"
        WHITESPACE@72..73 " "
        DO_KW@73..75 "do"
        BLOCK@75..86
          NEWLINE@75..76 "\n"
          WHITESPACE@76..80 "    "
          BINARY_EXPR@80..85
            NAME_REF@80..81
              IDENT@80..81 "x"
            WHITESPACE@81..82 " "
            MINUS@82..83 "-"
            WHITESPACE@83..84 " "
            NAME_REF@84..85
              IDENT@84..85 "y"
          NEWLINE@85..86 "\n"
        WHITESPACE@86..88 "  "
        END_KW@88..91 "end"
      NEWLINE@91..92 "\n"
    END_KW@92..95 "end"
  EOF@95..95 ""
