---
source: compiler/mesh-parser/tests/parser_tests.rs
expression: "parse_and_debug(\"case x do\\n  n when n > 0 -> n\\n  _ -> 0\\nend\")"
---
SOURCE_FILE@0..42
  CASE_EXPR@0..42
    CASE_KW@0..4 "case"
    WHITESPACE@4..5 " "
    NAME_REF@5..6
      IDENT@5..6 "x"
    WHITESPACE@6..7 " "
    DO_KW@7..9 "do"
    NEWLINE@9..10 "\n"
    WHITESPACE@10..12 "  "
    MATCH_ARM@12..29
      IDENT_PAT@12..13
        IDENT@12..13 "n"
      WHITESPACE@13..14 " "
      WHEN_KW@14..18 "when"
      WHITESPACE@18..19 " "
      BINARY_EXPR@19..24
        NAME_REF@19..20
          IDENT@19..20 "n"
        WHITESPACE@20..21 " "
        GT@21..22 ">"
        WHITESPACE@22..23 " "
        LITERAL@23..24
          INT_LITERAL@23..24 "0"
      WHITESPACE@24..25 " "
      ARROW@25..27 "->"
      WHITESPACE@27..28 " "
      NAME_REF@28..29
        IDENT@28..29 "n"
    NEWLINE@29..30 "\n"
    WHITESPACE@30..32 "  "
    MATCH_ARM@32..38
      WILDCARD_PAT@32..33
        IDENT@32..33 "_"
      WHITESPACE@33..34 " "
      ARROW@34..36 "->"
      WHITESPACE@36..37 " "
      LITERAL@37..38
        INT_LITERAL@37..38 "0"
    NEWLINE@38..39 "\n"
    END_KW@39..42 "end"
  EOF@42..42 ""
