---
source: compiler/mesh-parser/tests/parser_tests.rs
expression: "parse_and_debug(\"fn do 42 end\")"
---
SOURCE_FILE@0..12
  CLOSURE_EXPR@0..12
    FN_KW@0..2 "fn"
    WHITESPACE@2..3 " "
    DO_KW@3..5 "do"
    WHITESPACE@5..6 " "
    BLOCK@6..8
      LITERAL@6..8
        INT_LITERAL@6..8 "42"
    WHITESPACE@8..9 " "
    END_KW@9..12 "end"
  EOF@12..12 ""
