---
source: compiler/mesh-parser/tests/parser_tests.rs
expression: "source_and_debug(\"type Alias = Int\")"
---
SOURCE_FILE@0..16
  TYPE_ALIAS_DEF@0..16
    TYPE_KW@0..4 "type"
    WHITESPACE@4..5 " "
    NAME@5..10
      IDENT@5..10 "Alias"
    WHITESPACE@10..11 " "
    EQ@11..12 "="
    WHITESPACE@12..13 " "
    IDENT@13..16 "Int"
  EOF@16..16 ""
