---
source: compiler/mesh-parser/tests/parser_tests.rs
expression: source_and_debug(source)
---
SOURCE_FILE@0..77
  IMPORT_DECL@0..9
    IMPORT_KW@0..6 "import"
    WHITESPACE@6..7 " "
    PATH@7..9
      IDENT@7..9 "IO"
  NEWLINE@9..10 "\n"
  FROM_IMPORT_DECL@10..31
    IDENT@10..14 "from"
    WHITESPACE@14..15 " "
    PATH@15..19
      IDENT@15..19 "Math"
    WHITESPACE@19..20 " "
    IMPORT_KW@20..26 "import"
    WHITESPACE@26..27 " "
    IMPORT_LIST@27..31
      NAME@27..31
        IDENT@27..31 "sqrt"
  NEWLINE@31..32 "\n"
  NEWLINE@32..33 "\n"
  FN_DEF@33..77
    FN_KW@33..35 "fn"
    WHITESPACE@35..36 " "
    NAME@36..40
      IDENT@36..40 "main"
    PARAM_LIST@40..42
      L_PAREN@40..41 "("
      R_PAREN@41..42 ")"
    WHITESPACE@42..43 " "
    DO_KW@43..45 "do"
    BLOCK@45..74
      NEWLINE@45..46 "\n"
      WHITESPACE@46..48 "  "
      PIPE_EXPR@48..73
        PIPE_EXPR@48..60
          LITERAL@48..50
            INT_LITERAL@48..50 "42"
          WHITESPACE@50..51 " "
          PIPE@51..53 "|>"
          WHITESPACE@53..54 " "
          CALL_EXPR@54..60
            NAME_REF@54..58
              IDENT@54..58 "sqrt"
            ARG_LIST@58..60
              L_PAREN@58..59 "("
              R_PAREN@59..60 ")"
        WHITESPACE@60..61 " "
        PIPE@61..63 "|>"
        WHITESPACE@63..64 " "
        CALL_EXPR@64..73
          FIELD_ACCESS@64..71
            NAME_REF@64..66
              IDENT@64..66 "IO"
            DOT@66..67 "."
            IDENT@67..71 "puts"
          ARG_LIST@71..73
            L_PAREN@71..72 "("
            R_PAREN@72..73 ")"
      NEWLINE@73..74 "\n"
    END_KW@74..77 "end"
  EOF@77..77 ""
