---
source: compiler/mesh-parser/tests/parser_tests.rs
expression: source_and_debug(source)
---
SOURCE_FILE@0..165
  STRUCT_DEF@0..44
    VISIBILITY@0..3
      PUB_KW@0..3 "pub"
    WHITESPACE@3..4 " "
    STRUCT_KW@4..10 "struct"
    WHITESPACE@10..11 " "
    NAME@11..16
      IDENT@11..16 "Point"
    GENERIC_PARAM_LIST@16..19
      LT@16..17 "<"
      IDENT@17..18 "T"
      GT@18..19 ">"
    WHITESPACE@19..20 " "
    DO_KW@20..22 "do"
    NEWLINE@22..23 "\n"
    WHITESPACE@23..25 "  "
    STRUCT_FIELD@25..31
      NAME@25..26
        IDENT@25..26 "x"
      WHITESPACE@26..27 " "
      TYPE_ANNOTATION@27..31
        COLON_COLON@27..29 "::"
        WHITESPACE@29..30 " "
        IDENT@30..31 "T"
    NEWLINE@31..32 "\n"
    WHITESPACE@32..34 "  "
    STRUCT_FIELD@34..40
      NAME@34..35
        IDENT@34..35 "y"
      WHITESPACE@35..36 " "
      TYPE_ANNOTATION@36..40
        COLON_COLON@36..38 "::"
        WHITESPACE@38..39 " "
        IDENT@39..40 "T"
    NEWLINE@40..41 "\n"
    END_KW@41..44 "end"
  NEWLINE@44..45 "\n"
  NEWLINE@45..46 "\n"
  FN_DEF@46..93
    FN_KW@46..48 "fn"
    WHITESPACE@48..49 " "
    NAME@49..55
      IDENT@49..55 "origin"
    PARAM_LIST@55..57
      L_PAREN@55..56 "("
      R_PAREN@56..57 ")"
    WHITESPACE@57..58 " "
    TYPE_ANNOTATION@58..66
      ARROW@58..60 "->"
      WHITESPACE@60..61 " "
      IDENT@61..66 "Point"
    WHITESPACE@66..67 " "
    DO_KW@67..69 "do"
    BLOCK@69..90
      NEWLINE@69..70 "\n"
      WHITESPACE@70..72 "  "
      LET_BINDING@72..85
        LET_KW@72..75 "let"
        WHITESPACE@75..76 " "
        NAME@76..77
          IDENT@76..77 "p"
        WHITESPACE@77..78 " "
        EQ@78..79 "="
        WHITESPACE@79..80 " "
        NAME_REF@80..85
          IDENT@80..85 "Point"
      NEWLINE@85..86 "\n"
      WHITESPACE@86..88 "  "
      NAME_REF@88..89
        IDENT@88..89 "p"
      NEWLINE@89..90 "\n"
    END_KW@90..93 "end"
  NEWLINE@93..94 "\n"
  NEWLINE@94..95 "\n"
  FN_DEF@95..165
    FN_KW@95..97 "fn"
    WHITESPACE@97..98 " "
    NAME@98..107
      IDENT@98..107 "translate"
    PARAM_LIST@107..145
      L_PAREN@107..108 "("
      PARAM@108..118
        IDENT@108..109 "p"
        WHITESPACE@109..110 " "
        TYPE_ANNOTATION@110..118
          COLON_COLON@110..112 "::"
          WHITESPACE@112..113 " "
          IDENT@113..118 "Point"
      COMMA@118..119 ","
      WHITESPACE@119..120 " "
      PARAM@120..131
        IDENT@120..122 "dx"
        WHITESPACE@122..123 " "
        TYPE_ANNOTATION@123..131
          COLON_COLON@123..125 "::"
          WHITESPACE@125..126 " "
          IDENT@126..131 "Float"
      COMMA@131..132 ","
      WHITESPACE@132..133 " "
      PARAM@133..144
        IDENT@133..135 "dy"
        WHITESPACE@135..136 " "
        TYPE_ANNOTATION@136..144
          COLON_COLON@136..138 "::"
          WHITESPACE@138..139 " "
          IDENT@139..144 "Float"
      R_PAREN@144..145 ")"
    WHITESPACE@145..146 " "
    TYPE_ANNOTATION@146..154
      ARROW@146..148 "->"
      WHITESPACE@148..149 " "
      IDENT@149..154 "Point"
    WHITESPACE@154..155 " "
    DO_KW@155..157 "do"
    BLOCK@157..162
      NEWLINE@157..158 "\n"
      WHITESPACE@158..160 "  "
      NAME_REF@160..161
        IDENT@160..161 "p"
      NEWLINE@161..162 "\n"
    END_KW@162..165 "end"
  EOF@165..165 ""
