---
source: compiler/mesh-parser/tests/parser_tests.rs
expression: source_and_debug(source)
---
SOURCE_FILE@0..219
  IMPORT_DECL@0..9
    IMPORT_KW@0..6 "import"
    WHITESPACE@6..7 " "
    PATH@7..9
      IDENT@7..9 "IO"
  NEWLINE@9..10 "\n"
  IMPORT_DECL@10..21
    IMPORT_KW@10..16 "import"
    WHITESPACE@16..17 " "
    PATH@17..21
      IDENT@17..21 "Math"
  NEWLINE@21..22 "\n"
  FROM_IMPORT_DECL@22..58
    IDENT@22..26 "from"
    WHITESPACE@26..27 " "
    PATH@27..33
      IDENT@27..33 "String"
    WHITESPACE@33..34 " "
    IMPORT_KW@34..40 "import"
    WHITESPACE@40..41 " "
    IMPORT_LIST@41..58
      NAME@41..46
        IDENT@41..46 "split"
      COMMA@46..47 ","
      WHITESPACE@47..48 " "
      NAME@48..52
        IDENT@48..52 "join"
      COMMA@52..53 ","
      WHITESPACE@53..54 " "
      NAME@54..58
        IDENT@54..58 "trim"
  NEWLINE@58..59 "\n"
  NEWLINE@59..60 "\n"
  MODULE_DEF@60..219
    MODULE_KW@60..66 "module"
    WHITESPACE@66..67 " "
    NAME@67..70
      IDENT@67..70 "App"
    WHITESPACE@70..71 " "
    DO_KW@71..73 "do"
    BLOCK@73..216
      NEWLINE@73..74 "\n"
      WHITESPACE@74..76 "  "
      MODULE_DEF@76..135
        MODULE_KW@76..82 "module"
        WHITESPACE@82..83 " "
        NAME@83..89
          IDENT@83..89 "Config"
        WHITESPACE@89..90 " "
        DO_KW@90..92 "do"
        BLOCK@92..130
          NEWLINE@92..93 "\n"
          WHITESPACE@93..97 "    "
          FN_DEF@97..129
            FN_KW@97..99 "fn"
            WHITESPACE@99..100 " "
            NAME@100..107
              IDENT@100..107 "default"
            PARAM_LIST@107..109
              L_PAREN@107..108 "("
              R_PAREN@108..109 ")"
            WHITESPACE@109..110 " "
            DO_KW@110..112 "do"
            BLOCK@112..122
              NEWLINE@112..113 "\n"
              WHITESPACE@113..119 "      "
              LITERAL@119..121
                INT_LITERAL@119..121 "42"
              NEWLINE@121..122 "\n"
            WHITESPACE@122..126 "    "
            END_KW@126..129 "end"
          NEWLINE@129..130 "\n"
        WHITESPACE@130..132 "  "
        END_KW@132..135 "end"
      NEWLINE@135..136 "\n"
      NEWLINE@136..137 "\n"
      WHITESPACE@137..139 "  "
      FN_DEF@139..215
        VISIBILITY@139..142
          PUB_KW@139..142 "pub"
        WHITESPACE@142..143 " "
        FN_KW@143..145 "fn"
        WHITESPACE@145..146 " "
        NAME@146..149
          IDENT@146..149 "run"
        PARAM_LIST@149..151
          L_PAREN@149..150 "("
          R_PAREN@150..151 ")"
        WHITESPACE@151..152 " "
        DO_KW@152..154 "do"
        BLOCK@154..210
          NEWLINE@154..155 "\n"
          WHITESPACE@155..159 "    "
          LET_BINDING@159..185
            LET_KW@159..162 "let"
            WHITESPACE@162..163 " "
            NAME@163..166
              IDENT@163..166 "cfg"
            WHITESPACE@166..167 " "
            EQ@167..168 "="
            WHITESPACE@168..169 " "
            CALL_EXPR@169..185
              FIELD_ACCESS@169..183
                NAME_REF@169..175
                  IDENT@169..175 "Config"
                DOT@175..176 "."
                IDENT@176..183 "default"
              ARG_LIST@183..185
                L_PAREN@183..184 "("
                R_PAREN@184..185 ")"
          NEWLINE@185..186 "\n"
          WHITESPACE@186..190 "    "
          PIPE_EXPR@190..209
            NAME_REF@190..193
              IDENT@190..193 "cfg"
            WHITESPACE@193..194 " "
            PIPE@194..196 "|>"
            WHITESPACE@196..197 " "
            CALL_EXPR@197..209
              FIELD_ACCESS@197..207
                NAME_REF@197..199
                  IDENT@197..199 "IO"
                DOT@199..200 "."
                IDENT@200..207 "inspect"
              ARG_LIST@207..209
                L_PAREN@207..208 "("
                R_PAREN@208..209 ")"
          NEWLINE@209..210 "\n"
        WHITESPACE@210..212 "  "
        END_KW@212..215 "end"
      NEWLINE@215..216 "\n"
    END_KW@216..219 "end"
  EOF@219..219 ""
