---
source: compiler/mesh-parser/tests/parser_tests.rs
expression: "parse_and_debug(\"fn x, y -> x + y end\")"
---
SOURCE_FILE@0..20
  CLOSURE_EXPR@0..20
    FN_KW@0..2 "fn"
    WHITESPACE@2..3 " "
    PARAM_LIST@3..7
      PARAM@3..4
        IDENT@3..4 "x"
      COMMA@4..5 ","
      WHITESPACE@5..6 " "
      PARAM@6..7
        IDENT@6..7 "y"
    WHITESPACE@7..8 " "
    ARROW@8..10 "->"
    WHITESPACE@10..11 " "
    BLOCK@11..16
      BINARY_EXPR@11..16
        NAME_REF@11..12
          IDENT@11..12 "x"
        WHITESPACE@12..13 " "
        PLUS@13..14 "+"
        WHITESPACE@14..15 " "
        NAME_REF@15..16
          IDENT@15..16 "y"
    WHITESPACE@16..17 " "
    END_KW@17..20 "end"
  EOF@20..20 ""
