---
source: compiler/mesh-parser/tests/parser_tests.rs
expression: source_and_debug(source)
---
SOURCE_FILE@0..41
  FN_DEF@0..41
    CLUSTER_DECORATOR_DECL@0..8
      AT@0..1 "@"
      IDENT@1..8 "cluster"
    WHITESPACE@8..9 " "
    VISIBILITY@9..12
      PUB_KW@9..12 "pub"
    WHITESPACE@12..13 " "
    FN_KW@13..15 "fn"
    WHITESPACE@15..16 " "
    NAME@16..23
      IDENT@16..23 "enqueue"
    PARAM_LIST@23..28
      L_PAREN@23..24 "("
      PARAM@24..27
        IDENT@24..27 "job"
      R_PAREN@27..28 ")"
    WHITESPACE@28..29 " "
    DO_KW@29..31 "do"
    BLOCK@31..38
      NEWLINE@31..32 "\n"
      WHITESPACE@32..34 "  "
      NAME_REF@34..37
        IDENT@34..37 "job"
      NEWLINE@37..38 "\n"
    END_KW@38..41 "end"
  EOF@41..41 ""
