---
source: compiler/mesh-parser/tests/parser_tests.rs
expression: source_and_debug(source)
---
SOURCE_FILE@0..252
  FN_DEF@0..107
    FN_KW@0..2 "fn"
    WHITESPACE@2..3 " "
    NAME@3..12
      IDENT@3..12 "fibonacci"
    PARAM_LIST@12..15
      L_PAREN@12..13 "("
      PARAM@13..14
        IDENT@13..14 "n"
      R_PAREN@14..15 ")"
    WHITESPACE@15..16 " "
    DO_KW@16..18 "do"
    BLOCK@18..104
      NEWLINE@18..19 "\n"
      WHITESPACE@19..21 "  "
      CASE_EXPR@21..103
        CASE_KW@21..25 "case"
        WHITESPACE@25..26 " "
        NAME_REF@26..27
          IDENT@26..27 "n"
        WHITESPACE@27..28 " "
        DO_KW@28..30 "do"
        NEWLINE@30..31 "\n"
        WHITESPACE@31..35 "    "
        MATCH_ARM@35..41
          LITERAL_PAT@35..36
            INT_LITERAL@35..36 "0"
          WHITESPACE@36..37 " "
          ARROW@37..39 "->"
          WHITESPACE@39..40 " "
          LITERAL@40..41
            INT_LITERAL@40..41 "0"
        NEWLINE@41..42 "\n"
        WHITESPACE@42..46 "    "
        MATCH_ARM@46..52
          LITERAL_PAT@46..47
            INT_LITERAL@46..47 "1"
          WHITESPACE@47..48 " "
          ARROW@48..50 "->"
          WHITESPACE@50..51 " "
          LITERAL@51..52
            INT_LITERAL@51..52 "1"
        NEWLINE@52..53 "\n"
        WHITESPACE@53..57 "    "
        MATCH_ARM@57..97
          WILDCARD_PAT@57..58
            IDENT@57..58 "_"
          WHITESPACE@58..59 " "
          ARROW@59..61 "->"
          WHITESPACE@61..62 " "
          BINARY_EXPR@62..97
            CALL_EXPR@62..78
              NAME_REF@62..71
                IDENT@62..71 "fibonacci"
              ARG_LIST@71..78
                L_PAREN@71..72 "("
                BINARY_EXPR@72..77
                  NAME_REF@72..73
                    IDENT@72..73 "n"
                  WHITESPACE@73..74 " "
                  MINUS@74..75 "-"
                  WHITESPACE@75..76 " "
                  LITERAL@76..77
                    INT_LITERAL@76..77 "1"
                R_PAREN@77..78 ")"
            WHITESPACE@78..79 " "
            PLUS@79..80 "+"
            WHITESPACE@80..81 " "
            CALL_EXPR@81..97
              NAME_REF@81..90
                IDENT@81..90 "fibonacci"
              ARG_LIST@90..97
                L_PAREN@90..91 "("
                BINARY_EXPR@91..96
                  NAME_REF@91..92
                    IDENT@91..92 "n"
                  WHITESPACE@92..93 " "
                  MINUS@93..94 "-"
                  WHITESPACE@94..95 " "
                  LITERAL@95..96
                    INT_LITERAL@95..96 "2"
                R_PAREN@96..97 ")"
        NEWLINE@97..98 "\n"
        WHITESPACE@98..100 "  "
        END_KW@100..103 "end"
      NEWLINE@103..104 "\n"
    END_KW@104..107 "end"
  NEWLINE@107..108 "\n"
  NEWLINE@108..109 "\n"
  FN_DEF@109..252
    FN_KW@109..111 "fn"
    WHITESPACE@111..112 " "
    NAME@112..125
      IDENT@112..125 "classify_pair"
    PARAM_LIST@125..131
      L_PAREN@125..126 "("
      PARAM@126..130
        IDENT@126..130 "pair"
      R_PAREN@130..131 ")"
    WHITESPACE@131..132 " "
    DO_KW@132..134 "do"
    BLOCK@134..249
      NEWLINE@134..135 "\n"
      WHITESPACE@135..137 "  "
      CASE_EXPR@137..248
        CASE_KW@137..141 "case"
        WHITESPACE@141..142 " "
        NAME_REF@142..146
          IDENT@142..146 "pair"
        WHITESPACE@146..147 " "
        DO_KW@147..149 "do"
        NEWLINE@149..150 "\n"
        WHITESPACE@150..154 "    "
        MATCH_ARM@154..172
          TUPLE_PAT@154..160
            L_PAREN@154..155 "("
            LITERAL_PAT@155..156
              INT_LITERAL@155..156 "0"
            COMMA@156..157 ","
            WHITESPACE@157..158 " "
            LITERAL_PAT@158..159
              INT_LITERAL@158..159 "0"
            R_PAREN@159..160 ")"
          WHITESPACE@160..161 " "
          ARROW@161..163 "->"
          WHITESPACE@163..164 " "
          STRING_EXPR@164..172
            STRING_START@164..165 "\""
            STRING_CONTENT@165..171 "origin"
            STRING_END@171..172 "\""
        NEWLINE@172..173 "\n"
        WHITESPACE@173..177 "    "
        MATCH_ARM@177..195
          TUPLE_PAT@177..183
            L_PAREN@177..178 "("
            IDENT_PAT@178..179
              IDENT@178..179 "x"
            COMMA@179..180 ","
            WHITESPACE@180..181 " "
            LITERAL_PAT@181..182
              INT_LITERAL@181..182 "0"
            R_PAREN@182..183 ")"
          WHITESPACE@183..184 " "
          ARROW@184..186 "->"
          WHITESPACE@186..187 " "
          STRING_EXPR@187..195
            STRING_START@187..188 "\""
            STRING_CONTENT@188..194 "x-axis"
            STRING_END@194..195 "\""
        NEWLINE@195..196 "\n"
        WHITESPACE@196..200 "    "
        MATCH_ARM@200..218
          TUPLE_PAT@200..206
            L_PAREN@200..201 "("
            LITERAL_PAT@201..202
              INT_LITERAL@201..202 "0"
            COMMA@202..203 ","
            WHITESPACE@203..204 " "
            IDENT_PAT@204..205
              IDENT@204..205 "y"
            R_PAREN@205..206 ")"
          WHITESPACE@206..207 " "
          ARROW@207..209 "->"
          WHITESPACE@209..210 " "
          STRING_EXPR@210..218
            STRING_START@210..211 "\""
            STRING_CONTENT@211..217 "y-axis"
            STRING_END@217..218 "\""
        NEWLINE@218..219 "\n"
        WHITESPACE@219..223 "    "
        MATCH_ARM@223..242
          TUPLE_PAT@223..229
            L_PAREN@223..224 "("
            IDENT_PAT@224..225
              IDENT@224..225 "x"
            COMMA@225..226 ","
            WHITESPACE@226..227 " "
            IDENT_PAT@227..228
              IDENT@227..228 "y"
            R_PAREN@228..229 ")"
          WHITESPACE@229..230 " "
          ARROW@230..232 "->"
          WHITESPACE@232..233 " "
          STRING_EXPR@233..242
            STRING_START@233..234 "\""
            STRING_CONTENT@234..241 "general"
            STRING_END@241..242 "\""
        NEWLINE@242..243 "\n"
        WHITESPACE@243..245 "  "
        END_KW@245..248 "end"
      NEWLINE@248..249 "\n"
    END_KW@249..252 "end"
  EOF@252..252 ""
