---
source: compiler/mesh-parser/tests/parser_tests.rs
expression: "parse_and_debug(\"if true do\\n  1\\nend\")"
---
SOURCE_FILE@0..18
  IF_EXPR@0..18
    IF_KW@0..2 "if"
    WHITESPACE@2..3 " "
    LITERAL@3..7
      TRUE_KW@3..7 "true"
    WHITESPACE@7..8 " "
    DO_KW@8..10 "do"
    BLOCK@10..15
      NEWLINE@10..11 "\n"
      WHITESPACE@11..13 "  "
      LITERAL@13..14
        INT_LITERAL@13..14 "1"
      NEWLINE@14..15 "\n"
    END_KW@15..18 "end"
  EOF@18..18 ""
