---
source: compiler/mesh-parser/tests/parser_tests.rs
expression: source_and_debug(source)
---
SOURCE_FILE@0..98
  STRUCT_DEF@0..45
    STRUCT_KW@0..6 "struct"
    WHITESPACE@6..7 " "
    NAME@7..12
      IDENT@7..12 "Point"
    WHITESPACE@12..13 " "
    DO_KW@13..15 "do"
    NEWLINE@15..16 "\n"
    WHITESPACE@16..18 "  "
    STRUCT_FIELD@18..28
      NAME@18..19
        IDENT@18..19 "x"
      WHITESPACE@19..20 " "
      TYPE_ANNOTATION@20..28
        COLON_COLON@20..22 "::"
        WHITESPACE@22..23 " "
        IDENT@23..28 "Float"
    NEWLINE@28..29 "\n"
    WHITESPACE@29..31 "  "
    STRUCT_FIELD@31..41
      NAME@31..32
        IDENT@31..32 "y"
      WHITESPACE@32..33 " "
      TYPE_ANNOTATION@33..41
        COLON_COLON@33..35 "::"
        WHITESPACE@35..36 " "
        IDENT@36..41 "Float"
    NEWLINE@41..42 "\n"
    END_KW@42..45 "end"
  NEWLINE@45..46 "\n"
  NEWLINE@46..47 "\n"
  FN_DEF@47..98
    FN_KW@47..49 "fn"
    WHITESPACE@49..50 " "
    NAME@50..58
      IDENT@50..58 "distance"
    PARAM_LIST@58..70
      L_PAREN@58..59 "("
      PARAM@59..69
        IDENT@59..60 "p"
        WHITESPACE@60..61 " "
        TYPE_ANNOTATION@61..69
          COLON_COLON@61..63 "::"
          WHITESPACE@63..64 " "
          IDENT@64..69 "Point"
      R_PAREN@69..70 ")"
    WHITESPACE@70..71 " "
    TYPE_ANNOTATION@71..79
      ARROW@71..73 "->"
      WHITESPACE@73..74 " "
      IDENT@74..79 "Float"
    WHITESPACE@79..80 " "
    DO_KW@80..82 "do"
    BLOCK@82..95
      NEWLINE@82..83 "\n"
      WHITESPACE@83..85 "  "
      BINARY_EXPR@85..94
        FIELD_ACCESS@85..88
          NAME_REF@85..86
            IDENT@85..86 "p"
          DOT@86..87 "."
          IDENT@87..88 "x"
        WHITESPACE@88..89 " "
        PLUS@89..90 "+"
        WHITESPACE@90..91 " "
        FIELD_ACCESS@91..94
          NAME_REF@91..92
            IDENT@91..92 "p"
          DOT@92..93 "."
          IDENT@93..94 "y"
      NEWLINE@94..95 "\n"
    END_KW@95..98 "end"
  EOF@98..98 ""
