---
source: compiler/mesh-parser/tests/parser_tests.rs
expression: source_and_debug(source)
---
SOURCE_FILE@0..68
  ACTOR_DEF@0..68
    ACTOR_KW@0..5 "actor"
    WHITESPACE@5..6 " "
    NAME@6..16
      IDENT@6..16 "EchoServer"
    WHITESPACE@16..17 " "
    DO_KW@17..19 "do"
    BLOCK@19..65
      NEWLINE@19..20 "\n"
      WHITESPACE@20..22 "  "
      RECEIVE_EXPR@22..64
        RECEIVE_KW@22..29 "receive"
        WHITESPACE@29..30 " "
        DO_KW@30..32 "do"
        NEWLINE@32..33 "\n"
        WHITESPACE@33..37 "    "
        RECEIVE_ARM@37..58
          IDENT_PAT@37..40
            IDENT@37..40 "msg"
          WHITESPACE@40..41 " "
          ARROW@41..43 "->"
          WHITESPACE@43..44 " "
          SEND_EXPR@44..58
            SEND_KW@44..48 "send"
            ARG_LIST@48..58
              L_PAREN@48..49 "("
              NAME_REF@49..52
                IDENT@49..52 "msg"
              COMMA@52..53 ","
              WHITESPACE@53..54 " "
              NAME_REF@54..57
                IDENT@54..57 "msg"
              R_PAREN@57..58 ")"
        NEWLINE@58..59 "\n"
        WHITESPACE@59..61 "  "
        END_KW@61..64 "end"
      NEWLINE@64..65 "\n"
    END_KW@65..68 "end"
  EOF@68..68 ""
