---
source: compiler/mesh-parser/tests/parser_tests.rs
expression: "parse_and_debug(\"fn x -> x + 1 end\")"
---
SOURCE_FILE@0..17
  CLOSURE_EXPR@0..17
    FN_KW@0..2 "fn"
    WHITESPACE@2..3 " "
    PARAM_LIST@3..4
      PARAM@3..4
        IDENT@3..4 "x"
    WHITESPACE@4..5 " "
    ARROW@5..7 "->"
    WHITESPACE@7..8 " "
    BLOCK@8..13
      BINARY_EXPR@8..13
        NAME_REF@8..9
          IDENT@8..9 "x"
        WHITESPACE@9..10 " "
        PLUS@10..11 "+"
        WHITESPACE@11..12 " "
        LITERAL@12..13
          INT_LITERAL@12..13 "1"
    WHITESPACE@13..14 " "
    END_KW@14..17 "end"
  EOF@17..17 ""
