---
source: compiler/mesh-parser/tests/parser_tests.rs
expression: "parse_and_debug(\"a * b + c\")"
---
SOURCE_FILE@0..9
  BINARY_EXPR@0..9
    BINARY_EXPR@0..5
      NAME_REF@0..1
        IDENT@0..1 "a"
      WHITESPACE@1..2 " "
      STAR@2..3 "*"
      WHITESPACE@3..4 " "
      NAME_REF@4..5
        IDENT@4..5 "b"
    WHITESPACE@5..6 " "
    PLUS@6..7 "+"
    WHITESPACE@7..8 " "
    NAME_REF@8..9
      IDENT@8..9 "c"
  EOF@9..9 ""
