---
source: compiler/mesh-parser/tests/parser_tests.rs
expression: "parse_and_debug(\"foo(1, 2, 3)\")"
---
SOURCE_FILE@0..12
  CALL_EXPR@0..12
    NAME_REF@0..3
      IDENT@0..3 "foo"
    ARG_LIST@3..12
      L_PAREN@3..4 "("
      LITERAL@4..5
        INT_LITERAL@4..5 "1"
      COMMA@5..6 ","
      WHITESPACE@6..7 " "
      LITERAL@7..8
        INT_LITERAL@7..8 "2"
      COMMA@8..9 ","
      WHITESPACE@9..10 " "
      LITERAL@10..11
        INT_LITERAL@10..11 "3"
      R_PAREN@11..12 ")"
  EOF@12..12 ""
